// Jest Snapshot v1, https://goo.gl/fbAQLP

exports[`PID message should return JSON format 1`] = `
{
  "1": "1",
  "10": "",
  "11": {
    "1": "007 Soho Lane",
    "2": "",
    "3": "Cary",
    "4": "NC",
    "5": "27511",
  },
  "12": "",
  "13": [
    {
      "1": "(919)007-0007",
      "2": "",
      "3": "",
      "4": "",
      "5": "",
      "6": "919",
      "7": "0070007",
    },
    {
      "1": "(777)707-0707",
      "2": "",
      "3": "CP",
      "4": "",
      "5": "",
      "6": "777",
      "7": "7070707",
    },
    {
      "1": "",
      "2": "NET",
      "3": "X.400",
      "4": "007@BritishSecretService.com",
    },
  ],
  "14": {
    "1": "(919)851-6177 X007",
    "2": "",
    "3": "",
    "4": "",
    "5": "",
    "6": "919",
    "7": "8516177",
    "8": "007",
  },
  "15": "",
  "16": "M",
  "17": "",
  "18": "150",
  "19": "007-00-0007",
  "2": "",
  "20": "",
  "21": "",
  "22": "",
  "23": "",
  "24": "",
  "25": "",
  "26": "",
  "27": "",
  "28": "",
  "29": "",
  "3": "150",
  "30": "N",
  "4": "",
  "5": {
    "1": "Somai",
    "2": "Melek",
    "3": "",
    "4": "007",
  },
  "6": "",
  "7": "19770920",
  "8": "M",
  "9": "",
}
`;
